[www.fundicaofenix.com.br/index.html]
[backblue.gif]
[fade.gif]
[index.html]
[www.fundicaofenix.com.br/imagens/bg.jpg]
[www.fundicaofenix.com.br/imagens/icones/tweet.png]
[www.fundicaofenix.com.br/fonts/fontawesome-webfont3e6e.eot]
[www.fundicaofenix.com.br/fonts/fontawesome-webfontd41d.eot]
[www.fundicaofenix.com.br/fonts/fontawesome-webfont3e6e.woff]
[www.fundicaofenix.com.br/fonts/fontawesome-webfont3e6e.ttf]
[www.fundicaofenix.com.br/fonts/fontawesome-webfont3e6e.svg]
[www.fundicaofenix.com.br/imagens/favicon.png]
[www.fundicaofenix.com.br/imagens/logo.png]
[www.fundicaofenix.com.br/empresa.html]
[www.fundicaofenix.com.br/servicos.html]
[www.fundicaofenix.com.br/produtos.html]
[www.fundicaofenix.com.br/orcamento.html]
[www.fundicaofenix.com.br/informacoes.html]
[www.fundicaofenix.com.br/empresa-mancais.html]
[www.fundicaofenix.com.br/fabrica-grelha-fornalha-rondonopolis.html]
[www.fundicaofenix.com.br/fabrica-grelhas-fornalha.html]
[www.fundicaofenix.com.br/fabrica-mancais.html]
[www.fundicaofenix.com.br/fabrica-pecas-ferro-fundido.html]
[www.fundicaofenix.com.br/fabrica-porta-fornalha.html]
[www.fundicaofenix.com.br/fornecedor-grelha-fornalha.html]
[www.fundicaofenix.com.br/fundicao-pecas-agricolas.html]
[www.fundicaofenix.com.br/grelha-fornalha-secador.html]
[www.fundicaofenix.com.br/grelhas-fornalhas.html]
[www.fundicaofenix.com.br/onde-comprar-grelha-fornalha.html]
[www.fundicaofenix.com.br/pecas-fundidas-aluminio.html]
[www.fundicaofenix.com.br/pecas-fundidas-bronze.html]
[www.fundicaofenix.com.br/pecas-fundidas-ferro.html]
[www.fundicaofenix.com.br/porta-fornalha-ferro-fundido.html]
[www.fundicaofenix.com.br/porta-fornalha.html]
[www.fundicaofenix.com.br/porta-fornalha-preco.html]
[www.fundicaofenix.com.br/prolongador-fornalha.html]
[www.fundicaofenix.com.br/suporte-tipo-l-grelha.html]
[www.fundicaofenix.com.br/suporte-tipo-t-grelha.html]
[www.fundicaofenix.com.br/suportes-grelhas.html]
[www.fundicaofenix.com.br/volante-cremalheira-agricola.html]
[www.fundicaofenix.com.br/contato.html]
[www.fundicaofenix.com.br/imagens/slider/fabricacao-pecas-encomenda.jpg]
[www.fundicaofenix.com.br/imagens/slider/excelencia-servicos-fundicao.jpg]
[www.fundicaofenix.com.br/imagens/fundicao-home.jpg]
[www.fundicaofenix.com.br/imagens/informacoes/grelhas-fornalhas-01.jpg]
[www.fundicaofenix.com.br/imagens/informacoes/prolongador-fornalha-01.jpg]
[www.fundicaofenix.com.br/imagens/informacoes/grelha-padrao-2-02.jpg]
[www.fundicaofenix.com.br/imagens/informacoes/porta--fornalha-01.jpg]
[www.fundicaofenix.com.br/mapa-site.html]
[www.fundicaofenix.com.br/imagens/selo.png]
[www.fundicaofenix.com.br/imagens/whatsapp.png]
[www.google-analytics.com/analytics.js]
[www.fundicaofenix.com.br/js/geral.js]
[www.fundicaofenix.com.br/js/jquery.scrollUp.min.js]
[www.fundicaofenix.com.br/js/scroll.js]
[www.fundicaofenix.com.br/nivo/nivo-slider.css]
[www.fundicaofenix.com.br/index.html]
[www.fundicaofenix.com.br/fonts/fontawesome-webfont3e6e.html]
[www.fundicaofenix.com.br/fonts/fontawesome-webfont3e6e.svg]
[www.fundicaofenix.com.br/nivo/jquery.nivo.slider.js]
[www.fundicaofenix.com.br/imagens/qualidade.png]
[www.fundicaofenix.com.br/imagens/mapa.png]
[www.fundicaofenix.com.br/empresa.html]
[www.fundicaofenix.com.br/imagens/servicos.jpg]
[www.fundicaofenix.com.br/servicos.html]
[www.fundicaofenix.com.br/grelha-tripla.html]
[www.fundicaofenix.com.br/imagens/informacoes/grelha-tripla-04.jpg]
[www.fundicaofenix.com.br/cremalheira.html]
[www.fundicaofenix.com.br/imagens/informacoes/cremalheira-01.jpg]
[www.fundicaofenix.com.br/grelha-padrao-2.html]
[www.fundicaofenix.com.br/engrenagem-pinhao.html]
[www.fundicaofenix.com.br/imagens/informacoes/engrenagem-pinhao-01.jpg]
[www.fundicaofenix.com.br/roda-vagoneta.html]
[www.fundicaofenix.com.br/imagens/informacoes/roda-vagoneta-01.jpg]
[www.fundicaofenix.com.br/grelha-padrao.html]
[www.fundicaofenix.com.br/imagens/informacoes/grelha-padrao-02.jpg]
[www.fundicaofenix.com.br/grelha-triangular.html]
[www.fundicaofenix.com.br/imagens/informacoes/grelha-triangular-01.jpg]
[www.fundicaofenix.com.br/porta--fornalha.html]
[www.fundicaofenix.com.br/volante-manivela.html]
[www.fundicaofenix.com.br/imagens/informacoes/volante-manivela-01.jpg]
[www.fundicaofenix.com.br/grelha-conica.html]
[www.fundicaofenix.com.br/imagens/informacoes/grelha-conica-02.jpg]
[www.fundicaofenix.com.br/suporte-fornalha.html]
[www.fundicaofenix.com.br/imagens/informacoes/Suporte-fornalha-01.jpg]
[www.fundicaofenix.com.br/mancal.html]
[www.fundicaofenix.com.br/imagens/informacoes/mancal-01.jpg]
[www.fundicaofenix.com.br/polia.html]
[www.fundicaofenix.com.br/imagens/informacoes/polia-01.jpg]
[www.fundicaofenix.com.br/produtos.html]
[www.google.com/recaptcha/api.js]
[www.fundicaofenix.com.br/js/sweetalert/css/sweetalert.css]
[www.fundicaofenix.com.br/js/sweetalert/js/sweetalert.min.js]
[www.fundicaofenix.com.br/orcamento.html]
[www.fundicaofenix.com.br/informacoes.html]
[www.fundicaofenix.com.br/js/maskinput.js]
[www.fundicaofenix.com.br/js/organictabs.jquery.js]
[www.fundicaofenix.com.br/imagens/informacoes/empresa-mancais-01.jpg]
[www.fundicaofenix.com.br/imagens/informacoes/empresa-mancais-02.jpg]
[www.fundicaofenix.com.br/imagens/informacoes/empresa-mancais-03.jpg]
[connect.facebook.net/pt_BR/all.js]
[www.fundicaofenix.com.br/empresa-mancais.html]
[www.fundicaofenix.com.br/imagens/informacoes/fabrica-grelha-fornalha-rondonopolis-01.jpg]
[www.fundicaofenix.com.br/imagens/informacoes/fabrica-grelha-fornalha-rondonopolis-02.jpg]
[www.fundicaofenix.com.br/imagens/informacoes/fabrica-grelha-fornalha-rondonopolis-03.jpg]
[www.fundicaofenix.com.br/fabrica-grelha-fornalha-rondonopolis.html]
[www.fundicaofenix.com.br/imagens/informacoes/fabrica-grelhas-fornalha-01.jpg]
[www.fundicaofenix.com.br/imagens/informacoes/fabrica-grelhas-fornalha-02.jpg]
[www.fundicaofenix.com.br/imagens/informacoes/fabrica-grelhas-fornalha-03.jpg]
[www.fundicaofenix.com.br/fabrica-grelhas-fornalha.html]
[www.fundicaofenix.com.br/imagens/informacoes/fabrica-mancais-01.jpg]
[www.fundicaofenix.com.br/imagens/informacoes/fabrica-mancais-02.jpg]
[www.fundicaofenix.com.br/imagens/informacoes/fabrica-mancais-03.jpg]
[www.fundicaofenix.com.br/fabrica-mancais.html]
[www.fundicaofenix.com.br/imagens/informacoes/fabrica-pecas-ferro-fundido-01.jpg]
[www.fundicaofenix.com.br/imagens/informacoes/fabrica-pecas-ferro-fundido-02.jpg]
[www.fundicaofenix.com.br/imagens/informacoes/fabrica-pecas-ferro-fundido-03.jpg]
[www.fundicaofenix.com.br/fabrica-pecas-ferro-fundido.html]
[www.fundicaofenix.com.br/imagens/informacoes/fabrica-porta-fornalha-01.jpg]
[www.fundicaofenix.com.br/imagens/informacoes/fabrica-porta-fornalha-02.jpg]
[www.fundicaofenix.com.br/imagens/informacoes/fabrica-porta-fornalha-03.jpg]
[www.fundicaofenix.com.br/fabrica-porta-fornalha.html]
[www.fundicaofenix.com.br/imagens/informacoes/fornecedor-grelha-fornalha-01.jpg]
[www.fundicaofenix.com.br/imagens/informacoes/fornecedor-grelha-fornalha-02.jpg]
[www.fundicaofenix.com.br/imagens/informacoes/fornecedor-grelha-fornalha-03.jpg]
[www.fundicaofenix.com.br/fornecedor-grelha-fornalha.html]
[www.fundicaofenix.com.br/imagens/informacoes/fundicao-pecas-agricolas-01.jpg]
[www.fundicaofenix.com.br/imagens/informacoes/fundicao-pecas-agricolas-02.jpg]
[www.fundicaofenix.com.br/imagens/informacoes/fundicao-pecas-agricolas-03.jpg]
[www.fundicaofenix.com.br/fundicao-pecas-agricolas.html]
[www.fundicaofenix.com.br/imagens/informacoes/grelha-fornalha-secador-01.jpg]
[www.fundicaofenix.com.br/imagens/informacoes/grelha-fornalha-secador-02.jpg]
[www.fundicaofenix.com.br/imagens/informacoes/grelha-fornalha-secador-03.jpg]
[www.fundicaofenix.com.br/grelha-fornalha-secador.html]
[www.fundicaofenix.com.br/imagens/informacoes/grelhas-fornalhas-02.jpg]
[www.fundicaofenix.com.br/imagens/informacoes/grelhas-fornalhas-03.jpg]
[www.fundicaofenix.com.br/grelhas-fornalhas.html]
[www.fundicaofenix.com.br/imagens/informacoes/onde-comprar-grelha-fornalha-01.jpg]
[www.fundicaofenix.com.br/imagens/informacoes/onde-comprar-grelha-fornalha-02.jpg]
[www.fundicaofenix.com.br/imagens/informacoes/onde-comprar-grelha-fornalha-03.jpg]
[www.fundicaofenix.com.br/onde-comprar-grelha-fornalha.html]
[www.fundicaofenix.com.br/imagens/informacoes/pecas-fundidas-aluminio-01.jpg]
[www.fundicaofenix.com.br/imagens/informacoes/pecas-fundidas-aluminio-02.jpg]
[www.fundicaofenix.com.br/imagens/informacoes/pecas-fundidas-aluminio-03.jpg]
[www.fundicaofenix.com.br/pecas-fundidas-aluminio.html]
[www.fundicaofenix.com.br/imagens/informacoes/pecas-fundidas-bronze-01.jpg]
[www.fundicaofenix.com.br/imagens/informacoes/pecas-fundidas-bronze-02.jpg]
[www.fundicaofenix.com.br/imagens/informacoes/pecas-fundidas-bronze-03.jpg]
[www.fundicaofenix.com.br/pecas-fundidas-bronze.html]
[www.fundicaofenix.com.br/imagens/informacoes/pecas-fundidas-ferro-01.jpg]
[www.fundicaofenix.com.br/imagens/informacoes/pecas-fundidas-ferro-02.jpg]
[www.fundicaofenix.com.br/imagens/informacoes/pecas-fundidas-ferro-03.jpg]
[www.fundicaofenix.com.br/pecas-fundidas-ferro.html]
[www.fundicaofenix.com.br/imagens/informacoes/porta-fornalha-ferro-fundido-01.jpg]
[www.fundicaofenix.com.br/imagens/informacoes/porta-fornalha-ferro-fundido-02.jpg]
[www.fundicaofenix.com.br/imagens/informacoes/porta-fornalha-ferro-fundido-03.jpg]
[www.fundicaofenix.com.br/porta-fornalha-ferro-fundido.html]
[www.fundicaofenix.com.br/imagens/informacoes/porta-fornalha-01.jpg]
[www.fundicaofenix.com.br/imagens/informacoes/porta-fornalha-02.jpg]
[www.fundicaofenix.com.br/imagens/informacoes/porta-fornalha-03.jpg]
[www.fundicaofenix.com.br/porta-fornalha.html]
[www.fundicaofenix.com.br/imagens/informacoes/porta-fornalha-preco-01.jpg]
[www.fundicaofenix.com.br/imagens/informacoes/porta-fornalha-preco-02.jpg]
[www.fundicaofenix.com.br/imagens/informacoes/porta-fornalha-preco-03.jpg]
[www.fundicaofenix.com.br/porta-fornalha-preco.html]
[www.fundicaofenix.com.br/imagens/informacoes/prolongador-fornalha-02.jpg]
[www.fundicaofenix.com.br/imagens/informacoes/prolongador-fornalha-03.jpg]
[www.fundicaofenix.com.br/prolongador-fornalha.html]
[www.fundicaofenix.com.br/imagens/informacoes/suporte-tipo-l-grelha-01.jpg]
[www.fundicaofenix.com.br/imagens/informacoes/suporte-tipo-l-grelha-02.jpg]
[www.fundicaofenix.com.br/imagens/informacoes/suporte-tipo-l-grelha-03.jpg]
[www.fundicaofenix.com.br/suporte-tipo-l-grelha.html]
[www.fundicaofenix.com.br/imagens/informacoes/suporte-tipo-t-grelha-01.jpg]
[www.fundicaofenix.com.br/imagens/informacoes/suporte-tipo-t-grelha-02.jpg]
[www.fundicaofenix.com.br/imagens/informacoes/suporte-tipo-t-grelha-03.jpg]
[www.fundicaofenix.com.br/suporte-tipo-t-grelha.html]
[www.fundicaofenix.com.br/imagens/informacoes/suportes-grelhas-01.jpg]
[www.fundicaofenix.com.br/imagens/informacoes/suportes-grelhas-02.jpg]
[www.fundicaofenix.com.br/imagens/informacoes/suportes-grelhas-03.jpg]
[www.fundicaofenix.com.br/suportes-grelhas.html]
[www.fundicaofenix.com.br/imagens/informacoes/volante-cremalheira-agricola-01.jpg]
[www.fundicaofenix.com.br/imagens/informacoes/volante-cremalheira-agricola-02.jpg]
[www.fundicaofenix.com.br/imagens/informacoes/volante-cremalheira-agricola-03.jpg]
[www.fundicaofenix.com.br/volante-cremalheira-agricola.html]
[www.fundicaofenix.com.br/contato.html]
[www.fundicaofenix.com.br/mapa-site.html]
[www.fundicaofenix.com.br/imagens/selo.png]
[www.fundicaofenix.com.br/nivo/loading.gif]
[www.fundicaofenix.com.br/nivo/bullets.png]
[www.fundicaofenix.com.br/nivo/arrows.png]
[www.fundicaofenix.com.br/nivo/nivo-slider.css]
[www.fundicaofenix.com.br/imagens/informacoes/grelha-tripla-01.jpg]
[www.fundicaofenix.com.br/imagens/informacoes/grelha-tripla-02.jpg]
[www.fundicaofenix.com.br/imagens/informacoes/grelha-tripla-03.jpg]
[www.fundicaofenix.com.br/grelha-tripla.html]
[www.fundicaofenix.com.br/imagens/informacoes/cremalheira-02.jpg]
[www.fundicaofenix.com.br/imagens/informacoes/cremalheira-03.jpg]
[www.fundicaofenix.com.br/imagens/informacoes/cremalheira-04.jpg]
[www.fundicaofenix.com.br/imagens/informacoes/cremalheira-05.jpg]
[www.fundicaofenix.com.br/cremalheira.html]
[www.fundicaofenix.com.br/imagens/informacoes/grelha-padrao-2-01.jpg]
[www.fundicaofenix.com.br/imagens/informacoes/grelha-padrao-2-03.jpg]
[www.fundicaofenix.com.br/grelha-padrao-2.html]
[www.fundicaofenix.com.br/imagens/informacoes/grelha-padrao-2-04.jpg]
[www.fundicaofenix.com.br/imagens/informacoes/engrenagem-pinhao-02.jpg]
[www.fundicaofenix.com.br/imagens/informacoes/engrenagem-pinhao-03.jpg]
[www.fundicaofenix.com.br/imagens/informacoes/engrenagem-pinhao-04.jpg]
[www.fundicaofenix.com.br/imagens/informacoes/engrenagem-pinhao-05.jpg]
[www.fundicaofenix.com.br/imagens/informacoes/engrenagem-pinhao-06.jpg]
[www.fundicaofenix.com.br/imagens/informacoes/engrenagem-pinhao-07.jpg]
[www.fundicaofenix.com.br/imagens/informacoes/engrenagem-pinhao-08.jpg]
[www.fundicaofenix.com.br/imagens/informacoes/engrenagem-pinhao-09.jpg]
[www.fundicaofenix.com.br/imagens/informacoes/engrenagem-pinhao-10.jpg]
[www.fundicaofenix.com.br/imagens/informacoes/engrenagem-pinhao-11.jpg]
[www.fundicaofenix.com.br/imagens/informacoes/engrenagem-pinhao-12.jpg]
[www.fundicaofenix.com.br/engrenagem-pinhao.html]
[www.fundicaofenix.com.br/imagens/informacoes/roda-vagoneta-02.jpg]
[www.fundicaofenix.com.br/imagens/informacoes/roda-vagoneta-03.jpg]
[www.fundicaofenix.com.br/imagens/informacoes/roda-vagoneta-04.jpg]
[www.fundicaofenix.com.br/roda-vagoneta.html]
[www.fundicaofenix.com.br/imagens/informacoes/grelha-padrao-01.jpg]
[www.fundicaofenix.com.br/imagens/informacoes/grelha-padrao-03.jpg]
[www.fundicaofenix.com.br/grelha-padrao.html]
[www.fundicaofenix.com.br/grelha-triangular.html]
[www.fundicaofenix.com.br/imagens/informacoes/porta--fornalha-02.jpg]
[www.fundicaofenix.com.br/imagens/informacoes/porta--fornalha-03.jpg]
[www.fundicaofenix.com.br/imagens/informacoes/porta--fornalha-04.jpg]
[www.fundicaofenix.com.br/imagens/informacoes/porta--fornalha-05.jpg]
[www.fundicaofenix.com.br/imagens/informacoes/porta--fornalha-06.jpg]
[www.fundicaofenix.com.br/imagens/informacoes/porta--fornalha-07.jpg]
[www.fundicaofenix.com.br/imagens/informacoes/porta--fornalha-08.jpg]
[www.fundicaofenix.com.br/porta--fornalha.html]
[www.fundicaofenix.com.br/imagens/informacoes/volante-manivela-02.jpg]
[www.fundicaofenix.com.br/imagens/informacoes/volante-manivela-03.jpg]
[www.fundicaofenix.com.br/imagens/informacoes/volante-manivela-04.jpg]
[www.fundicaofenix.com.br/imagens/informacoes/volante-manivela-05.jpg]
[www.fundicaofenix.com.br/volante-manivela.html]
[www.fundicaofenix.com.br/imagens/informacoes/grelha-conica-01.jpg]
[www.fundicaofenix.com.br/imagens/informacoes/grelha-conica-03.jpg]
[www.fundicaofenix.com.br/imagens/informacoes/grelha-conica-04.jpg]
[www.fundicaofenix.com.br/grelha-conica.html]
[www.fundicaofenix.com.br/imagens/informacoes/Suporte-fornalha-02.jpg]
[www.fundicaofenix.com.br/imagens/informacoes/Suporte-fornalha-03.jpg]
[www.fundicaofenix.com.br/suporte-fornalha.html]
[www.fundicaofenix.com.br/imagens/informacoes/mancal-02.jpg]
[www.fundicaofenix.com.br/imagens/informacoes/mancal-03.jpg]
[www.fundicaofenix.com.br/mancal.html]
[www.fundicaofenix.com.br/imagens/informacoes/mancal-04.jpg]
[www.fundicaofenix.com.br/imagens/informacoes/polia-02.jpg]
[www.fundicaofenix.com.br/imagens/informacoes/polia-03.jpg]
[www.fundicaofenix.com.br/imagens/informacoes/polia-04.jpg]
[www.fundicaofenix.com.br/polia.html]
[www.fundicaofenix.com.br/js/sweetalert/css/sweetalert.css]
[connect.facebook.net/pt_BR/all.js]
[www.fundicaofenix.com.br/imagens/informacoes/grelha-fornalha-secador-03.jpg]
[www.fundicaofenix.com.br/imagens/informacoes/onde-comprar-grelha-fornalha-02.jpg]
[www.fundicaofenix.com.br/imagens/informacoes/pecas-fundidas-aluminio-03.jpg]
[www.fundicaofenix.com.br/imagens/informacoes/pecas-fundidas-bronze-03.jpg]
[www.fundicaofenix.com.br/imagens/informacoes/porta-fornalha-preco-01.jpg]
[www.fundicaofenix.com.br/imagens/informacoes/suportes-grelhas-02.jpg]
[www.fundicaofenix.com.br/nivo/loading.gif]
[www.fundicaofenix.com.br/imagens/informacoes/porta--fornalha-04.jpg]
[www.fundicaofenix.com.br/imagens/informacoes/porta--fornalha-08.jpg]
